72.167.31.2 - - [05/Feb/2021:09:15:45 -0500] "POST /wp-content/plugins/wordpress-gallery-plugin/bbb.php" 200 56234 "-" "Mozilla/4.0 (compatible; MSIE 6.0; Windows 98)"
72.167.31.2 - - [05/Feb/2021:09:16:30 -0500] "POST /wp-content/plugins/wordpress-gallery-plugin/bbb.php" 200 43235 "-" "Mozilla/4.0 (compatible; MSIE 6.0; Windows 98)"
72.167.31.2 - - [05/Feb/2021:09:20:32 -0500] "POST /wp-content/plugins/wordpress-gallery-plugin/bbb.php" 200 1002 "-" "Mozilla/4.0 (compatible; MSIE 6.0; Windows 98)"
72.167.31.2 - - [05/Feb/2021:09:21:23 -0500] "POST /wp-content/plugins/wordpress-gallery-plugin/bbb.php" 200 2342 "-" "Mozilla/4.0 (compatible; MSIE 6.0; Windows 98)"
72.167.31.2 - - [05/Feb/2021:09:21:25 -0500] "POST /wp-content/plugins/wordpress-gallery-plugin/bbb.php" 200 2345 "-" "Mozilla/4.0 (compatible; MSIE 6.0; Windows 98)"
77.88.5.21 - - [05/Feb/2021:11:25:41 -0500] "GET /robots.txt HTTP/1.1" 200 399 "-" "Mozilla/5.0 (compatible; YandexBot/3.0; +http://yandex.com/bots)"
51.210.124.177 - - [05/Feb/2021:17:18:12 -0500] "GET //wp-includes/wpconfig.bak.php?act=ul HTTP/1.1" 403 431 "www.google.com" "Mozlila/5.0 (Linux; Android 7.0; SM-G892A Bulid/NRD90M; wv) AppleWebKit/537.36 (KHTML, like Gecko) Version/4.0 Chrome/60.0.3112.107 Moblie Safari/537.36"
93.158.161.13 - - [05/Feb/2021:18:13:16 -0500] "GET /robots.txt HTTP/1.1" 200 399 "-" "Mozilla/5.0 (compatible; YandexBot/3.0; +http://yandex.com/bots)"
130.207.188.150 - - [05/Feb/2021:18:13:17 -0500] "POST /wp-cron.php?doing_wp_cron=1612566797.1478500366210937500000 HTTP/1.0" 200 200 "-" "WordPress/4.5.20; -"
77.88.5.21 - - [06/Feb/2021:00:05:09 -0500] "GET /robots.txt HTTP/1.1" 200 399 "-" "Mozilla/5.0 (compatible; YandexBot/3.0; +http://yandex.com/bots)"
77.88.5.21 - - [06/Feb/2021:00:05:12 -0500] "GET /?p=171 HTTP/1.1" 301 435 "-" "Mozilla/5.0 (compatible; YandexBot/3.0; +http://yandex.com/bots)"
88.198.90.9 - - [06/Feb/2021:03:27:38 -0500] "GET /meet-the-heros/ HTTP/1.1" 200 30981 "-" "Mozilla/5.0 (Macintosh; Intel Mac OS X 10_15_4) AppleWebKit/605.1.15 (KHTML, like Gecko) Version/13.1 Safari/605.1.15"
130.207.188.150 - - [06/Feb/2021:05:45:55 -0500] "POST /wp-cron.php?doing_wp_cron=1612608355.5806429386138916015625 HTTP/1.0" 200 200 "-" "WordPress/4.5.20; -"
66.249.70.28 - - [06/Feb/2021:10:57:49 -0500] "GET /robots.txt HTTP/1.1" 200 399 "-" "Mozilla/5.0 (compatible; Googlebot/2.1; +http://www.google.com/bot.html)"
77.88.5.21 - - [06/Feb/2021:15:18:44 -0500] "GET /robots.txt HTTP/1.1" 200 399 "-" "Mozilla/5.0 (compatible; YandexBot/3.0; +http://yandex.com/bots)"
130.207.188.150 - - [06/Feb/2021:15:18:45 -0500] "POST /wp-cron.php?doing_wp_cron=1612642725.3236289024353027343750 HTTP/1.0" 200 200 "-" "WordPress/4.5.20; -"
77.88.5.21 - - [06/Feb/2021:15:18:48 -0500] "GET /?p=39 HTTP/1.1" 301 416 "-" "Mozilla/5.0 (compatible; YandexBot/3.0; +http://yandex.com/bots)"
93.158.161.13 - - [06/Feb/2021:15:18:52 -0500] "GET /about-heros/ HTTP/1.1" 200 21223 "-" "Mozilla/5.0 (compatible; YandexBot/3.0; +http://yandex.com/bots)"
137.117.178.120 - - [06/Feb/2021:15:56:52 -0500] "POST /blog/xmlrpc.php HTTP/1.1" 404 16347 "-" "Mozilla/5.0 (Macintosh; U; Intel Mac OS X 10.6; fr; rv:1.9.2.8) Gecko/20100722 Firefox/3.6.8"
137.117.178.120 - - [06/Feb/2021:15:56:52 -0500] "POST /xmlrpc.php HTTP/1.1" 200 623 "-" "Mozilla/5.0 (Macintosh; U; Intel Mac OS X 10.6; fr; rv:1.9.2.8) Gecko/20100722 Firefox/3.6.8"
130.207.188.150 - - [06/Feb/2021:15:56:52 -0500] "POST /wp-cron.php?doing_wp_cron=1612645012.8237929344177246093750 HTTP/1.0" 200 200 "-" "WordPress/4.5.20; -"
77.88.5.21 - - [06/Feb/2021:22:30:19 -0500] "GET /robots.txt HTTP/1.1" 200 399 "-" "Mozilla/5.0 (compatible; YandexBot/3.0; +http://yandex.com/bots)"
77.88.5.21 - - [06/Feb/2021:22:30:23 -0500] "GET /?p=149 HTTP/1.1" 301 435 "-" "Mozilla/5.0 (compatible; YandexBot/3.0; +http://yandex.com/bots)"
157.75.167.23 - - [06/Feb/2021:23:39:49 -0500] "POST /wp-content/plugins/wordpress-gallery-plugin/bbb.php" 200 312315 "-" "Mozilla/5.0 (Macintosh; Intel Mac OS X 10_14_6) AppleWebKit/605.1.15 (KHTML, like Gecko) Version/14.0.3 Safari/605.1.15"
157.75.167.23 - - [06/Feb/2021:23:40:12 -0500] "POST /wp-content/plugins/wordpress-gallery-plugin/bbb.php" 200 23425 "-" "Mozilla/5.0 (Macintosh; Intel Mac OS X 10_14_6) AppleWebKit/605.1.15 (KHTML, like Gecko) Version/14.0.3 Safari/605.1.15"
157.75.167.23 - - [06/Feb/2021:23:40:34 -0500] "POST /wp-content/plugins/wordpress-gallery-plugin/bbb.php" 200 1023 "-" "Mozilla/5.0 (Macintosh; Intel Mac OS X 10_14_6) AppleWebKit/605.1.15 (KHTML, like Gecko) Version/14.0.3 Safari/605.1.15"
157.75.167.23 - - [06/Feb/2021:23:40:56 -0500] "POST /wp-content/plugins/wordpress-gallery-plugin/bbb.php" 200 405 "-" "Mozilla/5.0 (Macintosh; Intel Mac OS X 10_14_6) AppleWebKit/605.1.15 (KHTML, like Gecko) Version/14.0.3 Safari/605.1.15"
157.75.167.23 - - [06/Feb/2021:23:41:23 -0500] "POST /wp-login.php HTTP/1.1" 302 - "http://10.128.25.182/wp-login.php?loggedout=true&wp_lang=en_US" "Mozilla/5.0 (Macintosh; Intel Mac OS X 10_14_6) AppleWebKit/605.1.15 (KHTML, like Gecko) Version/14.0.3 Safari/605.1.15"
157.75.167.23 - - [06/Feb/2021:23:41:23 -0500] "GET /wp-admin/ HTTP/1.1" 200 67368 "http://10.128.25.182/wp-login.php?loggedout=true&wp_lang=en_US" "Mozilla/5.0 (Macintosh; Intel Mac OS X 10_14_6) AppleWebKit/605.1.15 (KHTML, like Gecko) Version/14.0.3 Safari/605.1.15"
157.75.167.23 - - [06/Feb/2021:23:41:23 -0500] "GET /wp-admin/load-styles.php?c=1&dir=ltr&load%5Bchunk_0%5D=dashicons,admin-bar,site-health,common,forms,admin-menu,dashboard,list-tables,edit,revisions,media,themes,about,nav-menus,wp-poi&load%5Bchunk_1%5D=nter,widgets,site-icon,l10n,buttons,wp-auth-check&ver=5.6.1 HTTP/1.1" 200 379484 "http://10.128.25.182/wp-admin/" "Mozilla/5.0 (Macintosh; Intel Mac OS X 10_14_6) AppleWebKit/605.1.15 (KHTML, like Gecko) Version/14.0.3 Safari/605.1.15"
157.75.167.23 - - [06/Feb/2021:23:41:24 -0500] "POST /wp-admin/admin-ajax.php HTTP/1.1" 200 16 "http://10.128.25.182/wp-admin/" "Mozilla/5.0 (Macintosh; Intel Mac OS X 10_14_6) AppleWebKit/605.1.15 (KHTML, like Gecko) Version/14.0.3 Safari/605.1.15"
157.75.167.23 - - [06/Feb/2021:23:41:24 -0500] "POST /wp-admin/admin-ajax.php HTTP/1.1" 200 16 "http://10.128.25.182/wp-admin/" "Mozilla/5.0 (Macintosh; Intel Mac OS X 10_14_6) AppleWebKit/605.1.15 (KHTML, like Gecko) Version/14.0.3 Safari/605.1.15"
157.75.167.23 - - [06/Feb/2021:23:41:24 -0500] "POST /wp-admin/admin-ajax.php HTTP/1.1" 200 1460 "http://10.128.25.182/wp-admin/" "Mozilla/5.0 (Macintosh; Intel Mac OS X 10_14_6) AppleWebKit/605.1.15 (KHTML, like Gecko) Version/14.0.3 Safari/605.1.15"
157.75.167.23 - - [06/Feb/2021:23:41:24 -0500] "GET /wp-admin/admin-ajax.php?action=dashboard-widgets&widget=dashboard_primary&pagenow=dashboard HTTP/1.1" 200 1473 "http://10.128.25.182/wp-admin/" "Mozilla/5.0 (Macintosh; Intel Mac OS X 10_14_6) AppleWebKit/605.1.15 (KHTML, like Gecko) Version/14.0.3 Safari/605.1.15"
157.75.167.23 - - [06/Feb/2021:23:41:43 -0500] "GET /wp-admin/edit.php?post_type=page HTTP/1.1" 200 50195 "http://10.128.25.182/wp-admin/" "Mozilla/5.0 (Macintosh; Intel Mac OS X 10_14_6) AppleWebKit/605.1.15 (KHTML, like Gecko) Version/14.0.3 Safari/605.1.15"
157.75.167.23 - - [06/Feb/2021:23:41:44 -0500] "GET /favicon.ico HTTP/1.1" 404 196 "http://10.128.25.182/wp-admin/edit.php?post_type=page" "Mozilla/5.0 (Macintosh; Intel Mac OS X 10_14_6) AppleWebKit/605.1.15 (KHTML, like Gecko) Version/14.0.3 Safari/605.1.15"
157.75.167.23 - - [06/Feb/2021:23:41:44 -0500] "POST /wp-admin/admin-ajax.php HTTP/1.1" 200 47 "http://10.128.25.182/wp-admin/edit.php?post_type=page" "Mozilla/5.0 (Macintosh; Intel Mac OS X 10_14_6) AppleWebKit/605.1.15 (KHTML, like Gecko) Version/14.0.3 Safari/605.1.15"
157.75.167.23 - - [06/Feb/2021:23:41:52 -0500] "GET /wp-admin/edit.php HTTP/1.1" 200 51976 "http://10.128.25.182/wp-admin/edit.php?post_type=page" "Mozilla/5.0 (Macintosh; Intel Mac OS X 10_14_6) AppleWebKit/605.1.15 (KHTML, like Gecko) Version/14.0.3 Safari/605.1.15"
157.75.167.23 - - [06/Feb/2021:23:41:52 -0500] "GET /favicon.ico HTTP/1.1" 404 196 "http://10.128.25.182/wp-admin/edit.php" "Mozilla/5.0 (Macintosh; Intel Mac OS X 10_14_6) AppleWebKit/605.1.15 (KHTML, like Gecko) Version/14.0.3 Safari/605.1.15"
157.75.167.23 - - [06/Feb/2021:23:41:52 -0500] "POST /wp-admin/admin-ajax.php HTTP/1.1" 200 47 "http://10.128.25.182/wp-admin/edit.php" "Mozilla/5.0 (Macintosh; Intel Mac OS X 10_14_6) AppleWebKit/605.1.15 (KHTML, like Gecko) Version/14.0.3 Safari/605.1.15"
157.75.167.23 - - [06/Feb/2021:23:41:56 -0500] "GET /wp-admin/post.php?post=1&action=edit HTTP/1.1" 200 405671 "http://10.128.25.182/wp-admin/edit.php" "Mozilla/5.0 (Macintosh; Intel Mac OS X 10_14_6) AppleWebKit/605.1.15 (KHTML, like Gecko) Version/14.0.3 Safari/605.1.15"
157.75.167.23 - - [06/Feb/2021:23:41:57 -0500] "GET /index.php/wp-json/wp/v2/blocks?per_page=100&context=edit&_locale=user HTTP/1.1" 200 2 "http://10.128.25.182/wp-admin/post.php?post=1&action=edit" "Mozilla/5.0 (Macintosh; Intel Mac OS X 10_14_6) AppleWebKit/605.1.15 (KHTML, like Gecko) Version/14.0.3 Safari/605.1.15"
157.75.167.23 - - [06/Feb/2021:23:41:57 -0500] "GET /index.php/wp-json/wp/v2/users/me?_locale=user HTTP/1.1" 200 609 "http://10.128.25.182/wp-admin/post.php?post=1&action=edit" "Mozilla/5.0 (Macintosh; Intel Mac OS X 10_14_6) AppleWebKit/605.1.15 (KHTML, like Gecko) Version/14.0.3 Safari/605.1.15"
157.75.167.23 - - [06/Feb/2021:23:41:57 -0500] "GET /index.php/wp-json/wp/v2/users/?who=authors&per_page=100&_locale=user HTTP/1.1" 200 1202 "http://10.128.25.182/wp-admin/post.php?post=1&action=edit" "Mozilla/5.0 (Macintosh; Intel Mac OS X 10_14_6) AppleWebKit/605.1.15 (KHTML, like Gecko) Version/14.0.3 Safari/605.1.15"
157.75.167.23 - - [06/Feb/2021:23:41:57 -0500] "GET /index.php/wp-json/?context=edit&_locale=user HTTP/1.1" 200 93761 "http://10.128.25.182/wp-admin/post.php?post=1&action=edit" "Mozilla/5.0 (Macintosh; Intel Mac OS X 10_14_6) AppleWebKit/605.1.15 (KHTML, like Gecko) Version/14.0.3 Safari/605.1.15"
157.75.167.23 - - [06/Feb/2021:23:41:57 -0500] "GET /index.php/wp-json/wp/v2/posts/1?_locale=user HTTP/1.1" 200 2279 "http://10.128.25.182/wp-admin/post.php?post=1&action=edit" "Mozilla/5.0 (Macintosh; Intel Mac OS X 10_14_6) AppleWebKit/605.1.15 (KHTML, like Gecko) Version/14.0.3 Safari/605.1.15"
157.75.167.23 - - [06/Feb/2021:23:41:58 -0500] "GET /index.php/wp-json/wp/v2/users?who=authors&include=1&_locale=user HTTP/1.1" 200 611 "http://10.128.25.182/wp-admin/post.php?post=1&action=edit" "Mozilla/5.0 (Macintosh; Intel Mac OS X 10_14_6) AppleWebKit/605.1.15 (KHTML, like Gecko) Version/14.0.3 Safari/605.1.15"
157.75.167.23 - - [06/Feb/2021:23:41:58 -0500] "GET /index.php/wp-json/wp/v2/users/?who=authors&per_page=100&_locale=user HTTP/1.1" 200 1202 "http://10.128.25.182/wp-admin/post.php?post=1&action=edit" "Mozilla/5.0 (Macintosh; Intel Mac OS X 10_14_6) AppleWebKit/605.1.15 (KHTML, like Gecko) Version/14.0.3 Safari/605.1.15"
157.75.167.23 - - [06/Feb/2021:23:41:58 -0500] "GET /index.php/wp-json/wp/v2/users/?who=authors&per_page=100&search=admin&_locale=user HTTP/1.1" 200 1202 "http://10.128.25.182/wp-admin/post.php?post=1&action=edit" "Mozilla/5.0 (Macintosh; Intel Mac OS X 10_14_6) AppleWebKit/605.1.15 (KHTML, like Gecko) Version/14.0.3 Safari/605.1.15"
157.75.167.23 - - [06/Feb/2021:23:42:57 -0500] "POST /wp-admin/admin-ajax.php HTTP/1.1" 200 98 "http://10.128.25.182/wp-admin/post.php?post=1&action=edit" "Mozilla/5.0 (Macintosh; Intel Mac OS X 10_14_6) AppleWebKit/605.1.15 (KHTML, like Gecko) Version/14.0.3 Safari/605.1.15"
157.75.167.23 - - [06/Feb/2021:23:42:57 -0500] "POST /index.php/wp-json/wp/v2/posts/1/autosaves?_locale=user HTTP/1.1" 200 1381 "http://10.128.25.182/wp-admin/post.php?post=1&action=edit" "Mozilla/5.0 (Macintosh; Intel Mac OS X 10_14_6) AppleWebKit/605.1.15 (KHTML, like Gecko) Version/14.0.3 Safari/605.1.15"
* 157.75.167.23 - - [06/Feb/2021:23:43:56 -0500] "POST /wp-admin/admin-ajax.php HTTP/1.1" 200 98 "http://10.128.25.182/wp-admin/post.php?post=1&action=edit" "Mozilla/5.0 (Macintosh; Intel Mac OS X 10_14_6) AppleWebKit/605.1.15 (KHTML, like Gecko) Version/14.0.3 Safari/605.1.15"
157.75.167.23 - - [06/Feb/2021:23:43:57 -0500] "POST /index.php/wp-json/wp/v2/posts/1/autosaves?_locale=user HTTP/1.1" 200 1381 "http://10.128.25.182/wp-admin/post.php?post=1&action=edit" "Mozilla/5.0 (Macintosh; Intel Mac OS X 10_14_6) AppleWebKit/605.1.15 (KHTML, like Gecko) Version/14.0.3 Safari/605.1.15"
157.75.167.23 - - [06/Feb/2021:23:44:56 -0500] "POST /wp-admin/admin-ajax.php HTTP/1.1" 200 98 "http://10.128.25.182/wp-admin/post.php?post=1&action=edit" "Mozilla/5.0 (Macintosh; Intel Mac OS X 10_14_6) AppleWebKit/605.1.15 (KHTML, like Gecko) Version/14.0.3 Safari/605.1.15"
157.75.167.23 - - [06/Feb/2021:23:45:56 -0500] "POST /wp-admin/admin-ajax.php HTTP/1.1" 200 98 "http://10.128.25.182/wp-admin/post.php?post=1&action=edit" "Mozilla/5.0 (Macintosh; Intel Mac OS X 10_14_6) AppleWebKit/605.1.15 (KHTML, like Gecko) Version/14.0.3 Safari/605.1.15"
157.75.167.23 - - [06/Feb/2021:23:46:04 -0500] "POST /index.php/wp-json/wp/v2/posts/1?_locale=user HTTP/1.1" 200 3691 "http://10.128.25.182/wp-admin/post.php?post=1&action=edit" "Mozilla/5.0 (Macintosh; Intel Mac OS X 10_14_6) AppleWebKit/605.1.15 (KHTML, like Gecko) Version/14.0.3 Safari/605.1.15"	
77.88.5.21 - - [07/Feb/2021:02:30:33 -0500] "GET /robots.txt HTTP/1.1" 200 399 "-" "Mozilla/5.0 (compatible; YandexBot/3.0; +http://yandex.com/bots)"
66.249.66.40 - - [07/Feb/2021:03:45:58 -0500] "GET /uncategorized/become-a-hero/ HTTP/1.1" 200 18451 "-" "Mozilla/5.0 (Linux; Android 6.0.1; Nexus 5X Build/MMB29P) AppleWebKit/537.36 (KHTML, like Gecko) Chrome/88.0.4324.140 Mobile Safari/537.36 (compatible; Googlebot/2.1; +http://www.google.com/bot.html)"
130.207.188.150 - - [07/Feb/2021:03:45:58 -0500] "POST /wp-cron.php?doing_wp_cron=1612687558.7293889522552490234375 HTTP/1.0" 200 200 "-" "WordPress/4.5.20; -"
77.88.5.21 - - [07/Feb/2021:11:58:06 -0500] "GET /robots.txt HTTP/1.1" 200 399 "-" "Mozilla/5.0 (compatible; YandexBot/3.0; +http://yandex.com/bots)"
130.207.188.150 - - [07/Feb/2021:11:58:06 -0500] "POST /wp-cron.php?doing_wp_cron=1612717086.5692369937896728515625 HTTP/1.0" 200 200 "-" "WordPress/4.5.20; -"
77.88.5.21 - - [07/Feb/2021:11:58:09 -0500] "GET /?p=208 HTTP/1.1" 301 461 "-" "Mozilla/5.0 (compatible; YandexBot/3.0; +http://yandex.com/bots)"
77.88.5.21 - - [07/Feb/2021:12:28:31 -0500] "GET /?p=134 HTTP/1.1" 301 436 "-" "Mozilla/5.0 (compatible; YandexBot/3.0; +http://yandex.com/bots)"
130.207.188.150 - - [07/Feb/2021:12:28:31 -0500] "POST /wp-cron.php?doing_wp_cron=1612718911.8334329128265380859375 HTTP/1.0" 200 200 "-" "WordPress/4.5.20; -"
216.244.66.233 - - [07/Feb/2021:15:55:29 -0500] "GET /robots.txt HTTP/1.1" 200 343 "-" "Mozilla/5.0 (compatible; DotBot/1.1; http://www.opensiteexplorer.org/dotbot, help@moz.com)"
130.207.188.150 - - [07/Feb/2021:15:55:30 -0500] "POST /wp-cron.php?doing_wp_cron=1612731330.4588959217071533203125 HTTP/1.0" 200 200 "-" "WordPress/4.5.20; -"
216.244.66.233 - - [07/Feb/2021:17:41:03 -0500] "GET /robots.txt HTTP/1.1" 200 343 "-" "Mozilla/5.0 (compatible; DotBot/1.1; http://www.opensiteexplorer.org/dotbot, help@moz.com)"
216.244.66.233 - - [07/Feb/2021:18:38:20 -0500] "GET /robots.txt HTTP/1.1" 200 343 "-" "Mozilla/5.0 (compatible; DotBot/1.1; http://www.opensiteexplorer.org/dotbot, help@moz.com)"
207.46.13.228 - - [07/Feb/2021:22:11:25 -0500] "GET /robots.txt HTTP/1.1" 200 399 "-" "Mozilla/5.0 (compatible; bingbot/2.0; +http://www.bing.com/bingbot.htm)"
13.66.139.137 - - [07/Feb/2021:22:11:36 -0500] "GET /meet-the-heros/ HTTP/1.1" 200 30981 "-" "Mozilla/5.0 (compatible; bingbot/2.0; +http://www.bing.com/bingbot.htm)"
77.88.5.21 - - [08/Feb/2021:04:32:09 -0500] "GET /robots.txt HTTP/1.1" 200 399 "-" "Mozilla/5.0 (compatible; YandexBot/3.0; +http://yandex.com/bots)"
130.207.188.150 - - [08/Feb/2021:04:32:10 -0500] "POST /wp-cron.php?doing_wp_cron=1612776730.8324880599975585937500 HTTP/1.0" 200 200 "-" "WordPress/4.5.20; -"
77.88.5.21 - - [08/Feb/2021:04:32:13 -0500] "GET /?p=156 HTTP/1.1" 301 435 "-" "Mozilla/5.0 (compatible; YandexBot/3.0; +http://yandex.com/bots)"
207.46.13.228 - - [08/Feb/2021:10:34:51 -0500] "GET /robots.txt HTTP/1.1" 200 399 "-" "Mozilla/5.0 (compatible; bingbot/2.0; +http://www.bing.com/bingbot.htm)"
77.88.5.21 - - [08/Feb/2021:13:48:53 -0500] "GET /robots.txt HTTP/1.1" 200 399 "-" "Mozilla/5.0 (compatible; YandexBot/3.0; +http://yandex.com/bots)"
130.207.188.150 - - [08/Feb/2021:13:48:53 -0500] "POST /wp-cron.php?doing_wp_cron=1612810133.8973820209503173828125 HTTP/1.0" 200 200 "-" "WordPress/4.5.20; -"
157.55.39.190 - - [08/Feb/2021:15:03:23 -0500] "GET /uncategorized/jasons-deli-percentage-night-this-tuesday-november-11th/ HTTP/1.1" 200 19266 "-" "Mozilla/5.0 (compatible; bingbot/2.0; +http://www.bing.com/bingbot.htm)"
66.249.70.28 - - [09/Feb/2021:02:07:00 -0500] "GET /robots.txt HTTP/1.1" 200 399 "-" "Mozilla/5.0 (compatible; Googlebot/2.1; +http://www.google.com/bot.html)"
130.207.188.150 - - [09/Feb/2021:02:07:00 -0500] "POST /wp-cron.php?doing_wp_cron=1612854420.7205569744110107421875 HTTP/1.0" 200 200 "-" "WordPress/4.5.20; -"
66.249.70.30 - - [09/Feb/2021:02:07:01 -0500] "GET /uncategorized/moes-southwest-grill-percentage-night-this-tuesday-october-7th/ HTTP/1.1" 200 19244 "-" "Mozilla/5.0 (Linux; Android 6.0.1; Nexus 5X Build/MMB29P) AppleWebKit/537.36 (KHTML, like Gecko) Chrome/88.0.4324.153 Mobile Safari/537.36 (compatible; Googlebot/2.1; +http://www.google.com/bot.html)"
66.249.70.26 - - [09/Feb/2021:02:45:56 -0500] "GET /meet-the-heros/ HTTP/1.1" 200 30995 "-" "Mozilla/5.0 (Linux; Android 6.0.1; Nexus 5X Build/MMB29P) AppleWebKit/537.36 (KHTML, like Gecko) Chrome/88.0.4324.153 Mobile Safari/537.36 (compatible; Googlebot/2.1; +http://www.google.com/bot.html)"

